##### features
feature@org.eclipse.papyrus=SVN,,svn://dev.eclipse.org/svnroot/modeling/org.eclipse.mdt.papyrus/trunk/features/,,org.eclipse.papyrus-feature
feature@org.eclipse.papyrus.backbone=SVN,,svn://dev.eclipse.org/svnroot/modeling/org.eclipse.mdt.papyrus/trunk/features,,org.eclipse.papyrus.backbone-feature
# feature@org.eclipse.papyrus.developer=SVN,,svn://dev.eclipse.org/svnroot/modeling/org.eclipse.mdt.papyrus/trunk/features,,org.eclipse.papyrus.developer-feature
feature@org.eclipse.papyrus.diagram.activity=SVN,,svn://dev.eclipse.org/svnroot/modeling/org.eclipse.mdt.papyrus/trunk/features,,org.eclipse.papyrus.diagram.activity-feature
feature@org.eclipse.papyrus.diagram.clazz=SVN,,svn://dev.eclipse.org/svnroot/modeling/org.eclipse.mdt.papyrus/trunk/features,,org.eclipse.papyrus.diagram.clazz-feature
feature@org.eclipse.papyrus.diagram.composite=SVN,,svn://dev.eclipse.org/svnroot/modeling/org.eclipse.mdt.papyrus/trunk/features,,org.eclipse.papyrus.diagram.composite-feature
#feature@org.eclipse.papyrus.diagram.internalblock=SVN,,svn://dev.eclipse.org/svnroot/modeling/org.eclipse.mdt.papyrus/trunk/features,,org.eclipse.papyrus.diagram.internalblock-feature
feature@org.eclipse.papyrus.diagram.parametric=SVN,,svn://dev.eclipse.org/svnroot/modeling/org.eclipse.mdt.papyrus/trunk/features,,org.eclipse.papyrus.diagram.parametric-feature
feature@org.eclipse.papyrus.diagram.block=SVN,,svn://dev.eclipse.org/svnroot/modeling/org.eclipse.mdt.papyrus/trunk/features,,org.eclipse.papyrus.diagram.block-feature
feature@org.eclipse.papyrus.diagram.sequence=SVN,,svn://dev.eclipse.org/svnroot/modeling/org.eclipse.mdt.papyrus/trunk/features,,org.eclipse.papyrus.diagram.sequence-feature
feature@org.eclipse.papyrus.diagram.usecase=SVN,,svn://dev.eclipse.org/svnroot/modeling/org.eclipse.mdt.papyrus/trunk/features,,org.eclipse.papyrus.diagram.usecase-feature
feature@org.eclipse.papyrus.layouttool=SVN,,svn://dev.eclipse.org/svnroot/modeling/org.eclipse.mdt.papyrus/trunk/features,,org.eclipse.papyrus.layouttool-feature
feature@org.eclipse.papyrus.profiletool=SVN,,svn://dev.eclipse.org/svnroot/modeling/org.eclipse.mdt.papyrus/trunk/features,,org.eclipse.papyrus.profile-tool-feature
feature@org.eclipse.papyrus.sysml=SVN,,svn://dev.eclipse.org/svnroot/modeling/org.eclipse.mdt.papyrus/trunk/features,,org.eclipse.papyrus.sysml-feature
feature@org.eclipse.papyrus.uml=SVN,,svn://dev.eclipse.org/svnroot/modeling/org.eclipse.mdt.papyrus/trunk/features,,org.eclipse.papyrus.uml-feature

##### plugins

# core
plugin@org.eclipse.papyrus.controlmode=SVN,,svn://dev.eclipse.org/svnroot/modeling/org.eclipse.mdt.papyrus/trunk/plugins/core,,org.eclipse.papyrus.controlmode
plugin@org.eclipse.papyrus.core=SVN,,svn://dev.eclipse.org/svnroot/modeling/org.eclipse.mdt.papyrus/trunk/plugins/core,,org.eclipse.papyrus.core
plugin@org.eclipse.papyrus.core.adaptor.emf=SVN,,svn://dev.eclipse.org/svnroot/modeling/org.eclipse.mdt.papyrus/trunk/plugins/core,,org.eclipse.papyrus.core.adaptor.emf
plugin@org.eclipse.papyrus.core.adaptor.gmf=SVN,,svn://dev.eclipse.org/svnroot/modeling/org.eclipse.mdt.papyrus/trunk/plugins/core,,org.eclipse.papyrus.core.adaptor.gmf
plugin@org.eclipse.papyrus.di=SVN,,svn://dev.eclipse.org/svnroot/modeling/org.eclipse.mdt.papyrus/trunk/plugins/core,,org.eclipse.papyrus.di
plugin@org.eclipse.papyrus.di.edit=SVN,,svn://dev.eclipse.org/svnroot/modeling/org.eclipse.mdt.papyrus/trunk/plugins/core,,org.eclipse.papyrus.di.edit
plugin@org.eclipse.papyrus.di.editor=SVN,,svn://dev.eclipse.org/svnroot/modeling/org.eclipse.mdt.papyrus/trunk/plugins/core,,org.eclipse.papyrus.di.editor
plugin@org.eclipse.papyrus.editor=SVN,,svn://dev.eclipse.org/svnroot/modeling/org.eclipse.mdt.papyrus/trunk/plugins/core,,org.eclipse.papyrus.editor
plugin@org.eclipse.papyrus.extensionpoints.editors=SVN,,svn://dev.eclipse.org/svnroot/modeling/org.eclipse.mdt.papyrus/trunk/plugins/core,,org.eclipse.papyrus.extensionpoints.editors
plugin@org.eclipse.papyrus.log=SVN,,svn://dev.eclipse.org/svnroot/modeling/org.eclipse.mdt.papyrus/trunk/plugins/core,,org.eclipse.papyrus.log
plugin@org.eclipse.papyrus.perspective=SVN,,svn://dev.eclipse.org/svnroot/modeling/org.eclipse.mdt.papyrus/trunk/plugins/core,,org.eclipse.papyrus.perspective
plugin@org.eclipse.papyrus.preferences=SVN,,svn://dev.eclipse.org/svnroot/modeling/org.eclipse.mdt.papyrus/trunk/plugins/core,,org.eclipse.papyrus.preferences
plugin@org.eclipse.papyrus.sasheditor=SVN,,svn://dev.eclipse.org/svnroot/modeling/org.eclipse.mdt.papyrus/trunk/plugins/core,,org.eclipse.papyrus.sasheditor
plugin@org.eclipse.papyrus.sasheditor.di=SVN,,svn://dev.eclipse.org/svnroot/modeling/org.eclipse.mdt.papyrus/trunk/plugins/core,,org.eclipse.papyrus.sasheditor.di
plugin@org.eclipse.papyrus.tabbedproperties.core=SVN,,svn://dev.eclipse.org/svnroot/modeling/org.eclipse.mdt.papyrus/trunk/plugins/core,,org.eclipse.papyrus.tabbedproperties.core
plugin@org.eclipse.papyrus.wizards=SVN,,svn://dev.eclipse.org/svnroot/modeling/org.eclipse.mdt.papyrus/trunk/plugins/core,,org.eclipse.papyrus.wizards

# developer
#plugin@org.eclipse.papyrus.codegen=SVN,,svn://dev.eclipse.org/svnroot/modeling/org.eclipse.mdt.papyrus/trunk/plugins/developer,,org.eclipse.papyrus.codegen
#plugin@org.eclipse.papyrus.def=SVN,,svn://dev.eclipse.org/svnroot/modeling/org.eclipse.mdt.papyrus/trunk/plugins/developer,,org.eclipse.papyrus.def
#plugin@org.eclipse.papyrus.gmfgenextension=SVN,,svn://dev.eclipse.org/svnroot/modeling/org.eclipse.mdt.papyrus/trunk/plugins/developer,,org.eclipse.papyrus.gmfgenextension
#plugin@org.eclipse.papyrus.java.reverse=SVN,,svn://dev.eclipse.org/svnroot/modeling/org.eclipse.mdt.papyrus/trunk/plugins/developer,,org.eclipse.papyrus.java.reverse
#plugin@org.eclipse.papyrus.java.reverse.ui=SVN,,svn://dev.eclipse.org/svnroot/modeling/org.eclipse.mdt.papyrus/trunk/plugins/developer,,org.eclipse.papyrus.java.reverse.ui
#plugin@org.eclipse.papyrus.java.template=SVN,,svn://dev.eclipse.org/svnroot/modeling/org.eclipse.mdt.papyrus/trunk/plugins/developer,,org.eclipse.papyrus.java.template

# others
plugin@org.eclipse.papyrus.profile=SVN,,svn://dev.eclipse.org/svnroot/modeling/org.eclipse.mdt.papyrus/trunk/plugins/others,,org.eclipse.papyrus.profile
plugin@org.eclipse.papyrus.outline=SVN,,svn://dev.eclipse.org/svnroot/modeling/org.eclipse.mdt.papyrus/trunk/plugins/others,,org.eclipse.papyrus.outline

# profile-tool
plugin@org.eclipse.papyrus.diagramprofile=SVN,,svn://dev.eclipse.org/svnroot/modeling/org.eclipse.mdt.papyrus/trunk/plugins/profile-tool,,org.eclipse.papyrus.diagramprofile
plugin@org.eclipse.papyrus.resource=SVN,,svn://dev.eclipse.org/svnroot/modeling/org.eclipse.mdt.papyrus/trunk/plugins/profile-tool,,org.eclipse.papyrus.resource
plugin@org.eclipse.papyrus.resource.edit=SVN,,svn://dev.eclipse.org/svnroot/modeling/org.eclipse.mdt.papyrus/trunk/plugins/profile-tool,,org.eclipse.papyrus.resource.edit
plugin@org.eclipse.papyrus.resource.migration=SVN,,svn://dev.eclipse.org/svnroot/modeling/org.eclipse.mdt.papyrus/trunk/plugins/profile-tool,,org.eclipse.papyrus.resource.migration

# sysml
plugin@org.eclipse.papyrus.sysml=SVN,,svn://dev.eclipse.org/svnroot/modeling/org.eclipse.mdt.papyrus/trunk/plugins/sysml,,org.eclipse.papyrus.sysml
plugin@org.eclipse.papyrus.sysml.diagram.internalblock=SVN,,svn://dev.eclipse.org/svnroot/modeling/org.eclipse.mdt.papyrus/trunk/plugins/sysml,,org.eclipse.papyrus.sysml.diagram.internalblock
plugin@org.eclipse.papyrus.sysml.diagram.parametric=SVN,,svn://dev.eclipse.org/svnroot/modeling/org.eclipse.mdt.papyrus/trunk/plugins/sysml,,org.eclipse.papyrus.sysml.diagram.parametric
plugin@org.eclipse.papyrus.sysml.edit=SVN,,svn://dev.eclipse.org/svnroot/modeling/org.eclipse.mdt.papyrus/trunk/plugins/sysml,,org.eclipse.papyrus.sysml.edit
plugin@org.eclipse.papyrus.sysml.diagram.blockdiagram=SVN,,svn://dev.eclipse.org/svnroot/modeling/org.eclipse.mdt.papyrus/trunk/plugins/sysml,,org.eclipse.papyrus.sysml.diagram.blockdiagram

# uml
plugin@org.eclipse.papyrus.diagram.activity=SVN,,svn://dev.eclipse.org/svnroot/modeling/org.eclipse.mdt.papyrus/trunk/plugins/uml,,org.eclipse.papyrus.diagram.activity
plugin@org.eclipse.papyrus.diagram.clazz=SVN,,svn://dev.eclipse.org/svnroot/modeling/org.eclipse.mdt.papyrus/trunk/plugins/uml,,org.eclipse.papyrus.diagram.clazz
plugin@org.eclipse.papyrus.diagram.common=SVN,,svn://dev.eclipse.org/svnroot/modeling/org.eclipse.mdt.papyrus/trunk/plugins/uml,,org.eclipse.papyrus.diagram.common
plugin@org.eclipse.papyrus.diagram.composite=SVN,,svn://dev.eclipse.org/svnroot/modeling/org.eclipse.mdt.papyrus/trunk/plugins/uml,,org.eclipse.papyrus.diagram.composite
plugin@org.eclipse.papyrus.diagram.emftree=SVN,,svn://dev.eclipse.org/svnroot/modeling/org.eclipse.mdt.papyrus/trunk/plugins/uml,,org.eclipse.papyrus.diagram.emftree
plugin@org.eclipse.papyrus.diagram.sequence=SVN,,svn://dev.eclipse.org/svnroot/modeling/org.eclipse.mdt.papyrus/trunk/plugins/uml,,org.eclipse.papyrus.diagram.sequence
plugin@org.eclipse.papyrus.diagram.statemachine=SVN,,svn://dev.eclipse.org/svnroot/modeling/org.eclipse.mdt.papyrus/trunk/plugins/uml,,org.eclipse.papyrus.diagram.statemachine
plugin@org.eclipse.papyrus.diagram.usecase=SVN,,svn://dev.eclipse.org/svnroot/modeling/org.eclipse.mdt.papyrus/trunk/plugins/uml,,org.eclipse.papyrus.diagram.usecase
plugin@org.eclipse.papyrus.extensionpoints.uml2=SVN,,svn://dev.eclipse.org/svnroot/modeling/org.eclipse.mdt.papyrus/trunk/plugins/uml,,org.eclipse.papyrus.extensionpoints.uml2
plugin@org.eclipse.papyrus.navigator=SVN,,svn://dev.eclipse.org/svnroot/modeling/org.eclipse.mdt.papyrus/trunk/plugins/uml,,org.eclipse.papyrus.navigator
plugin@org.eclipse.papyrus.outline.emftree=SVN,,svn://dev.eclipse.org/svnroot/modeling/org.eclipse.mdt.papyrus/trunk/plugins/uml,,org.eclipse.papyrus.outline.emftree
plugin@org.eclipse.papyrus.parsers=SVN,,svn://dev.eclipse.org/svnroot/modeling/org.eclipse.mdt.papyrus/trunk/plugins/uml,,org.eclipse.papyrus.parsers
plugin@org.eclipse.papyrus.tabbedproperties.appearance=SVN,,svn://dev.eclipse.org/svnroot/modeling/org.eclipse.mdt.papyrus/trunk/plugins/uml,,org.eclipse.papyrus.tabbedproperties.appearance
plugin@org.eclipse.papyrus.tabbedproperties.uml=SVN,,svn://dev.eclipse.org/svnroot/modeling/org.eclipse.mdt.papyrus/trunk/plugins/uml,,org.eclipse.papyrus.tabbedproperties.uml
plugin@org.eclipse.papyrus.ui.toolbox=SVN,,svn://dev.eclipse.org/svnroot/modeling/org.eclipse.mdt.papyrus/trunk/plugins/uml,,org.eclipse.papyrus.ui.toolbox
plugin@org.eclipse.papyrus.uml.standard=SVN,,svn://dev.eclipse.org/svnroot/modeling/org.eclipse.mdt.papyrus/trunk/plugins/uml,,org.eclipse.papyrus.uml.standard
plugin@org.eclipse.papyrus.uml.standard.edit=SVN,,svn://dev.eclipse.org/svnroot/modeling/org.eclipse.mdt.papyrus/trunk/plugins/uml,,org.eclipse.papyrus.uml.standard.edit
plugin@org.eclipse.papyrus.umlutils=SVN,,svn://dev.eclipse.org/svnroot/modeling/org.eclipse.mdt.papyrus/trunk/plugins/uml,,org.eclipse.papyrus.umlutils
plugin@org.eclipse.papyrus.templaterepository=SVN,,svn://dev.eclipse.org/svnroot/modeling/org.eclipse.mdt.papyrus/trunk/plugins/uml,,org.eclipse.papyrus.templaterepository

#extraplugins/autolayout
plugin@org.eclipse.papyrus.layouttool=SVN,,svn://dev.eclipse.org/svnroot/modeling/org.eclipse.mdt.papyrus/trunk/extraplugins/autolayout,,org.eclipse.papyrus.layouttool
plugin@org.eclipse.papyrus.layouttool.algorithms.gridAlgorithm=SVN,,svn://dev.eclipse.org/svnroot/modeling/org.eclipse.mdt.papyrus/trunk/extraplugins/autolayout,,org.eclipse.papyrus.layouttool.algorithms.gridAlgorithm
plugin@org.eclipse.papyrus.layouttool.algorithms.horizontalAlgorithm=SVN,,svn://dev.eclipse.org/svnroot/modeling/org.eclipse.mdt.papyrus/trunk/extraplugins/autolayout,,org.eclipse.papyrus.layouttool.algorithms.horizontalAlgorithm
plugin@org.eclipse.papyrus.layouttool.algorithms.horizontalSymmetryAlgorithm=SVN,,svn://dev.eclipse.org/svnroot/modeling/org.eclipse.mdt.papyrus/trunk/extraplugins/autolayout,,org.eclipse.papyrus.layouttool.algorithms.horizontalSymmetryAlgorithm
plugin@org.eclipse.papyrus.layouttool.algorithms.horizontalTreeAlgorithm=SVN,,svn://dev.eclipse.org/svnroot/modeling/org.eclipse.mdt.papyrus/trunk/extraplugins/autolayout,,org.eclipse.papyrus.layouttool.algorithms.horizontalTreeAlgorithm
plugin@org.eclipse.papyrus.layouttool.algorithms.radialAlgorithm=SVN,,svn://dev.eclipse.org/svnroot/modeling/org.eclipse.mdt.papyrus/trunk/extraplugins/autolayout,,org.eclipse.papyrus.layouttool.algorithms.radialAlgorithm
plugin@org.eclipse.papyrus.layouttool.algorithms.springAlgorithm=SVN,,svn://dev.eclipse.org/svnroot/modeling/org.eclipse.mdt.papyrus/trunk/extraplugins/autolayout,,org.eclipse.papyrus.layouttool.algorithms.springAlgorithm
plugin@org.eclipse.papyrus.layouttool.algorithms.treeAlgorithm=SVN,,svn://dev.eclipse.org/svnroot/modeling/org.eclipse.mdt.papyrus/trunk/extraplugins/autolayout,,org.eclipse.papyrus.layouttool.algorithms.treeAlgorithm
plugin@org.eclipse.papyrus.layouttool.algorithms.verticalAlgorithm=SVN,,svn://dev.eclipse.org/svnroot/modeling/org.eclipse.mdt.papyrus/trunk/extraplugins/autolayout,,org.eclipse.papyrus.layouttool.algorithms.verticalAlgorithm
plugin@org.eclipse.papyrus.layouttool.algorithms.verticalSymmetryAlgorithm=SVN,,svn://dev.eclipse.org/svnroot/modeling/org.eclipse.mdt.papyrus/trunk/extraplugins/autolayout,,org.eclipse.papyrus.layouttool.algorithms.verticalSymmetryAlgorithm
plugin@org.eclipse.papyrus.layouttool.subeditor.gmf=SVN,,svn://dev.eclipse.org/svnroot/modeling/org.eclipse.mdt.papyrus/trunk/extraplugins/autolayout,,org.eclipse.papyrus.layouttool.subeditor.gmf

