##### features
feature@org.eclipse.papyrus.backbone=SVN,trunk,svn://dev.eclipse.org/svnroot/modeling/org.eclipse.mdt.papyrus/features,,org.eclipse.papyrus.backbone-feature
feature@org.eclipse.papyrus.diagram.clazz=SVN,trunk,svn://dev.eclipse.org/svnroot/modeling/org.eclipse.mdt.papyrus/features,,org.eclipse.papyrus.diagram.clazz-feature
feature@org.eclipse.papyrus.diagram.composite=SVN,trunk,svn://dev.eclipse.org/svnroot/modeling/org.eclipse.mdt.papyrus/features,,org.eclipse.papyrus.diagram.composite-feature
feature@org.eclipse.papyrus.diagram.sequence=SVN,trunk,svn://dev.eclipse.org/svnroot/modeling/org.eclipse.mdt.papyrus/features,,org.eclipse.papyrus.diagram.sequence-feature
feature@org.eclipse.papyrus.diagram.usecase=SVN,trunk,svn://dev.eclipse.org/svnroot/modeling/org.eclipse.mdt.papyrus/features,,org.eclipse.papyrus.diagram.usecase-feature
feature@org.eclipse.papyrus.uml=SVN,trunk,svn://dev.eclipse.org/svnroot/modeling/org.eclipse.mdt.papyrus/features,,org.eclipse.papyrus.uml-feature
feature@org.eclipse.papyrus=SVN,trunk,svn://dev.eclipse.org/svnroot/modeling/org.eclipse.mdt.papyrus/features,,org.eclipse.papyrus-feature

##### plugins

# backbone
plugin@org.eclipse.papyrus.core.adaptor.gmf=SVN,trunk,svn://dev.eclipse.org/svnroot/modeling/org.eclipse.mdt.papyrus/plugins,,org.eclipse.papyrus.core.adaptor.gmf
plugin@org.eclipse.papyrus.core=SVN,trunk,svn://dev.eclipse.org/svnroot/modeling/org.eclipse.mdt.papyrus/plugins,,org.eclipse.papyrus.core
plugin@org.eclipse.papyrus.tabbedproperties.core=SVN,trunk,svn://dev.eclipse.org/svnroot/modeling/org.eclipse.mdt.papyrus/plugins,,org.eclipse.papyrus.tabbedproperties.core
plugin@org.eclipse.papyrus.sasheditor=SVN,trunk,svn://dev.eclipse.org/svnroot/modeling/org.eclipse.mdt.papyrus/plugins,,org.eclipse.papyrus.sasheditor
plugin@org.eclipse.papyrus.sasheditor.di=SVN,trunk,svn://dev.eclipse.org/svnroot/modeling/org.eclipse.mdt.papyrus/plugins,,org.eclipse.papyrus.sasheditor.di
plugin@org.eclipse.papyrus.wizards=SVN,trunk,svn://dev.eclipse.org/svnroot/modeling/org.eclipse.mdt.papyrus/plugins,,org.eclipse.papyrus.wizards
plugin@org.eclipse.papyrus.extensionpoints.editors=SVN,trunk,svn://dev.eclipse.org/svnroot/modeling/org.eclipse.mdt.papyrus/plugins,,org.eclipse.papyrus.extensionpoints.editors
plugin@org.eclipse.papyrus.preferences=SVN,trunk,svn://dev.eclipse.org/svnroot/modeling/org.eclipse.mdt.papyrus/plugins,,org.eclipse.papyrus.preferences
plugin@org.eclipse.papyrus.editor=SVN,trunk,svn://dev.eclipse.org/svnroot/modeling/org.eclipse.mdt.papyrus/plugins,,org.eclipse.papyrus.editor

# uml
plugin@org.eclipse.papyrus.diagram.common=SVN,trunk,svn://dev.eclipse.org/svnroot/modeling/org.eclipse.mdt.papyrus/plugins,,org.eclipse.papyrus.diagram.common
plugin@org.eclipse.papyrus.extensionpoints.uml2=SVN,trunk,svn://dev.eclipse.org/svnroot/modeling/org.eclipse.mdt.papyrus/plugins,,org.eclipse.papyrus.extensionpoints.uml2
plugin@org.eclipse.papyrus.navigator=SVN,trunk,svn://dev.eclipse.org/svnroot/modeling/org.eclipse.mdt.papyrus/plugins,,org.eclipse.papyrus.navigator
plugin@org.eclipse.papyrus.outline=SVN,trunk,svn://dev.eclipse.org/svnroot/modeling/org.eclipse.mdt.papyrus/plugins,,org.eclipse.papyrus.outline
plugin@org.eclipse.papyrus.outline.emftree=SVN,trunk,svn://dev.eclipse.org/svnroot/modeling/org.eclipse.mdt.papyrus/plugins,,org.eclipse.papyrus.outline.emftree
plugin@org.eclipse.papyrus.parsers=SVN,trunk,svn://dev.eclipse.org/svnroot/modeling/org.eclipse.mdt.papyrus/plugins,,org.eclipse.papyrus.parsers
plugin@org.eclipse.papyrus.perspective=SVN,trunk,svn://dev.eclipse.org/svnroot/modeling/org.eclipse.mdt.papyrus/plugins,,org.eclipse.papyrus.perspective
plugin@org.eclipse.papyrus.profile=SVN,trunk,svn://dev.eclipse.org/svnroot/modeling/org.eclipse.mdt.papyrus/plugins,,org.eclipse.papyrus.profile
plugin@org.eclipse.papyrus.core=SVN,trunk,svn://dev.eclipse.org/svnroot/modeling/org.eclipse.mdt.papyrus/plugins,,org.eclipse.papyrus.core
plugin@org.eclipse.papyrus.tabbedproperties.appearance=SVN,trunk,svn://dev.eclipse.org/svnroot/modeling/org.eclipse.mdt.papyrus/plugins,,org.eclipse.papyrus.tabbedproperties.appearance
plugin@org.eclipse.papyrus.tabbedproperties.uml=SVN,trunk,svn://dev.eclipse.org/svnroot/modeling/org.eclipse.mdt.papyrus/plugins,,org.eclipse.papyrus.tabbedproperties.uml
plugin@org.eclipse.papyrus.ui.toolbox=SVN,trunk,svn://dev.eclipse.org/svnroot/modeling/org.eclipse.mdt.papyrus/plugins,,org.eclipse.papyrus.ui.toolbox
plugin@org.eclipse.papyrus.umlutils=SVN,trunk,svn://dev.eclipse.org/svnroot/modeling/org.eclipse.mdt.papyrus/plugins,,org.eclipse.papyrus.umlutils

# clazz
plugin@org.eclipse.papyrus.diagram.clazz=SVN,trunk,svn://dev.eclipse.org/svnroot/modeling/org.eclipse.mdt.papyrus/plugins,,org.eclipse.papyrus.diagram.clazz

# composite
plugin@org.eclipse.papyrus.diagram.composite=SVN,trunk,svn://dev.eclipse.org/svnroot/modeling/org.eclipse.mdt.papyrus/plugins,,org.eclipse.papyrus.diagram.composite

# usecase
plugin@org.eclipse.papyrus.diagram.usecase=SVN,trunk,svn://dev.eclipse.org/svnroot/modeling/org.eclipse.mdt.papyrus/plugins,,org.eclipse.papyrus.diagram.usecase

# sequence
plugin@org.eclipse.papyrus.diagram.sequence=SVN,trunk,svn://dev.eclipse.org/svnroot/modeling/org.eclipse.mdt.papyrus/plugins,,org.eclipse.papyrus.diagram.sequence
